*****************************************************************
      SolidWorks Corporation - IGES Processor Status Report
*****************************************************************
=================================================================
Общая информация
=================================================================
Отправка кода продукта системы: Unknown
Получение кода продукта системы: Unknown
Имя файла                 : J:\3d\GrabCAD uploads\Connectors\HDMI\HDMI.ipt.igs
Отправка системы               : Autodesk DirectConnect 6.0.75.0
Версия препроцессора       : 6.0.75.0
Дата создания файла           : 20111031.233339
Дата создания модели          : 20111031.233339
Единицы                        : MM
Масштаб пространства модели            : 1
Автор                       : James HP
Организация                 : Unknown


=================================================================
Сведения по обработке объекта
=================================================================


=================================================================
Точный анализ файла IGES:
=================================================================
  Преобладающее число значимых знаков:               4
  Наибольшее число значимых знаков:                     14
  Среднее число значимых знаков:                7.37286
  Максимальное расстояние до исходной точки:                          544.969
  Минимальное расстояние до исходной точки:                     2.62793e-013
  Эффективное число значимых знаков:                   14


=================================================================
Сводка по объектам
=================================================================
-----------------------------------------------------------------
Тип Имя                                         Количество Преобразован
---- ----                                         ----- ---------
102  Composite curve                               2172      2172
110  Line                                          9696      9696
126  Rational B-spline curve                       1624      1624
128  Rational B-spline surface                     1004      1004
142  Curve on a parametric surface                 1086      1086
144  Trimmed parametric surface                    1004      1004
402  Associativity instance                           1         1
_________________________________________________________________


=================================================================
Сводка результатов
=================================================================
Тип элемента SolidWorks                Количество
-----------------------                -----
Твердотельные элементы                       1
Элементы поверхности                     0
Элементы кривой/эскиза                0
--------------------------------------------
Время начала:вторник, Июль 02, 2013 00:39:32
Время окончания: вторник, Июль 02, 2013 00:39:58
Время обработки: 0 days, 00 hours, 00 mins, 26 secs
